version: 1
property-invalidation-classification
properties: 35
property[0]: background-color
  css-impact: paint
  computed-style-projection: paint-only
  affects-inherited-style: false
  affects-box-tree: false
  affects-layout: false
  affects-text-metrics: false
  affects-paint: true
  affects-paint-order: false
  affects-overflow-clip: false
  affects-future-compositor: false
  conservative: false
  runtime-requires-layout: false
  runtime-requires-paint: true
property[1]: border-bottom-color
  css-impact: paint
  computed-style-projection: paint-only
  affects-inherited-style: false
  affects-box-tree: false
  affects-layout: false
  affects-text-metrics: false
  affects-paint: true
  affects-paint-order: false
  affects-overflow-clip: false
  affects-future-compositor: false
  conservative: false
  runtime-requires-layout: false
  runtime-requires-paint: true
property[2]: border-bottom-style
  css-impact: layout+paint
  computed-style-projection: layout-affecting
  affects-inherited-style: false
  affects-box-tree: false
  affects-layout: true
  affects-text-metrics: false
  affects-paint: true
  affects-paint-order: false
  affects-overflow-clip: false
  affects-future-compositor: false
  conservative: false
  runtime-requires-layout: true
  runtime-requires-paint: true
property[3]: border-bottom-width
  css-impact: layout+paint
  computed-style-projection: layout-affecting
  affects-inherited-style: false
  affects-box-tree: false
  affects-layout: true
  affects-text-metrics: false
  affects-paint: true
  affects-paint-order: false
  affects-overflow-clip: false
  affects-future-compositor: false
  conservative: false
  runtime-requires-layout: true
  runtime-requires-paint: true
property[4]: border-left-color
  css-impact: paint
  computed-style-projection: paint-only
  affects-inherited-style: false
  affects-box-tree: false
  affects-layout: false
  affects-text-metrics: false
  affects-paint: true
  affects-paint-order: false
  affects-overflow-clip: false
  affects-future-compositor: false
  conservative: false
  runtime-requires-layout: false
  runtime-requires-paint: true
property[5]: border-left-style
  css-impact: layout+paint
  computed-style-projection: layout-affecting
  affects-inherited-style: false
  affects-box-tree: false
  affects-layout: true
  affects-text-metrics: false
  affects-paint: true
  affects-paint-order: false
  affects-overflow-clip: false
  affects-future-compositor: false
  conservative: false
  runtime-requires-layout: true
  runtime-requires-paint: true
property[6]: border-left-width
  css-impact: layout+paint
  computed-style-projection: layout-affecting
  affects-inherited-style: false
  affects-box-tree: false
  affects-layout: true
  affects-text-metrics: false
  affects-paint: true
  affects-paint-order: false
  affects-overflow-clip: false
  affects-future-compositor: false
  conservative: false
  runtime-requires-layout: true
  runtime-requires-paint: true
property[7]: border-right-color
  css-impact: paint
  computed-style-projection: paint-only
  affects-inherited-style: false
  affects-box-tree: false
  affects-layout: false
  affects-text-metrics: false
  affects-paint: true
  affects-paint-order: false
  affects-overflow-clip: false
  affects-future-compositor: false
  conservative: false
  runtime-requires-layout: false
  runtime-requires-paint: true
property[8]: border-right-style
  css-impact: layout+paint
  computed-style-projection: layout-affecting
  affects-inherited-style: false
  affects-box-tree: false
  affects-layout: true
  affects-text-metrics: false
  affects-paint: true
  affects-paint-order: false
  affects-overflow-clip: false
  affects-future-compositor: false
  conservative: false
  runtime-requires-layout: true
  runtime-requires-paint: true
property[9]: border-right-width
  css-impact: layout+paint
  computed-style-projection: layout-affecting
  affects-inherited-style: false
  affects-box-tree: false
  affects-layout: true
  affects-text-metrics: false
  affects-paint: true
  affects-paint-order: false
  affects-overflow-clip: false
  affects-future-compositor: false
  conservative: false
  runtime-requires-layout: true
  runtime-requires-paint: true
property[10]: border-top-color
  css-impact: paint
  computed-style-projection: paint-only
  affects-inherited-style: false
  affects-box-tree: false
  affects-layout: false
  affects-text-metrics: false
  affects-paint: true
  affects-paint-order: false
  affects-overflow-clip: false
  affects-future-compositor: false
  conservative: false
  runtime-requires-layout: false
  runtime-requires-paint: true
property[11]: border-top-style
  css-impact: layout+paint
  computed-style-projection: layout-affecting
  affects-inherited-style: false
  affects-box-tree: false
  affects-layout: true
  affects-text-metrics: false
  affects-paint: true
  affects-paint-order: false
  affects-overflow-clip: false
  affects-future-compositor: false
  conservative: false
  runtime-requires-layout: true
  runtime-requires-paint: true
property[12]: border-top-width
  css-impact: layout+paint
  computed-style-projection: layout-affecting
  affects-inherited-style: false
  affects-box-tree: false
  affects-layout: true
  affects-text-metrics: false
  affects-paint: true
  affects-paint-order: false
  affects-overflow-clip: false
  affects-future-compositor: false
  conservative: false
  runtime-requires-layout: true
  runtime-requires-paint: true
property[13]: color
  css-impact: inherited-style+paint
  computed-style-projection: paint-only
  affects-inherited-style: true
  affects-box-tree: false
  affects-layout: false
  affects-text-metrics: false
  affects-paint: true
  affects-paint-order: false
  affects-overflow-clip: false
  affects-future-compositor: false
  conservative: false
  runtime-requires-layout: false
  runtime-requires-paint: true
property[14]: display
  css-impact: box-tree+layout+paint
  computed-style-projection: layout-affecting
  affects-inherited-style: false
  affects-box-tree: true
  affects-layout: true
  affects-text-metrics: false
  affects-paint: true
  affects-paint-order: false
  affects-overflow-clip: false
  affects-future-compositor: false
  conservative: false
  runtime-requires-layout: true
  runtime-requires-paint: true
property[15]: font-size
  css-impact: inherited-style+layout+text-metrics+paint
  computed-style-projection: layout-affecting
  affects-inherited-style: true
  affects-box-tree: false
  affects-layout: true
  affects-text-metrics: true
  affects-paint: true
  affects-paint-order: false
  affects-overflow-clip: false
  affects-future-compositor: false
  conservative: false
  runtime-requires-layout: true
  runtime-requires-paint: true
property[16]: height
  css-impact: layout+paint
  computed-style-projection: layout-affecting
  affects-inherited-style: false
  affects-box-tree: false
  affects-layout: true
  affects-text-metrics: false
  affects-paint: true
  affects-paint-order: false
  affects-overflow-clip: false
  affects-future-compositor: false
  conservative: false
  runtime-requires-layout: true
  runtime-requires-paint: true
property[17]: margin-bottom
  css-impact: layout+paint
  computed-style-projection: layout-affecting
  affects-inherited-style: false
  affects-box-tree: false
  affects-layout: true
  affects-text-metrics: false
  affects-paint: true
  affects-paint-order: false
  affects-overflow-clip: false
  affects-future-compositor: false
  conservative: false
  runtime-requires-layout: true
  runtime-requires-paint: true
property[18]: margin-left
  css-impact: layout+paint
  computed-style-projection: layout-affecting
  affects-inherited-style: false
  affects-box-tree: false
  affects-layout: true
  affects-text-metrics: false
  affects-paint: true
  affects-paint-order: false
  affects-overflow-clip: false
  affects-future-compositor: false
  conservative: false
  runtime-requires-layout: true
  runtime-requires-paint: true
property[19]: margin-right
  css-impact: layout+paint
  computed-style-projection: layout-affecting
  affects-inherited-style: false
  affects-box-tree: false
  affects-layout: true
  affects-text-metrics: false
  affects-paint: true
  affects-paint-order: false
  affects-overflow-clip: false
  affects-future-compositor: false
  conservative: false
  runtime-requires-layout: true
  runtime-requires-paint: true
property[20]: margin-top
  css-impact: layout+paint
  computed-style-projection: layout-affecting
  affects-inherited-style: false
  affects-box-tree: false
  affects-layout: true
  affects-text-metrics: false
  affects-paint: true
  affects-paint-order: false
  affects-overflow-clip: false
  affects-future-compositor: false
  conservative: false
  runtime-requires-layout: true
  runtime-requires-paint: true
property[21]: max-width
  css-impact: layout+paint
  computed-style-projection: layout-affecting
  affects-inherited-style: false
  affects-box-tree: false
  affects-layout: true
  affects-text-metrics: false
  affects-paint: true
  affects-paint-order: false
  affects-overflow-clip: false
  affects-future-compositor: false
  conservative: false
  runtime-requires-layout: true
  runtime-requires-paint: true
property[22]: min-width
  css-impact: layout+paint
  computed-style-projection: layout-affecting
  affects-inherited-style: false
  affects-box-tree: false
  affects-layout: true
  affects-text-metrics: false
  affects-paint: true
  affects-paint-order: false
  affects-overflow-clip: false
  affects-future-compositor: false
  conservative: false
  runtime-requires-layout: true
  runtime-requires-paint: true
property[23]: overflow
  css-impact: layout+paint+overflow-clip
  computed-style-projection: layout-affecting
  affects-inherited-style: false
  affects-box-tree: false
  affects-layout: true
  affects-text-metrics: false
  affects-paint: true
  affects-paint-order: false
  affects-overflow-clip: true
  affects-future-compositor: false
  conservative: false
  runtime-requires-layout: true
  runtime-requires-paint: true
property[24]: outline-color
  css-impact: paint
  computed-style-projection: paint-only
  affects-inherited-style: false
  affects-box-tree: false
  affects-layout: false
  affects-text-metrics: false
  affects-paint: true
  affects-paint-order: false
  affects-overflow-clip: false
  affects-future-compositor: false
  conservative: false
  runtime-requires-layout: false
  runtime-requires-paint: true
property[25]: outline-style
  css-impact: paint
  computed-style-projection: paint-only
  affects-inherited-style: false
  affects-box-tree: false
  affects-layout: false
  affects-text-metrics: false
  affects-paint: true
  affects-paint-order: false
  affects-overflow-clip: false
  affects-future-compositor: false
  conservative: false
  runtime-requires-layout: false
  runtime-requires-paint: true
property[26]: outline-width
  css-impact: paint
  computed-style-projection: paint-only
  affects-inherited-style: false
  affects-box-tree: false
  affects-layout: false
  affects-text-metrics: false
  affects-paint: true
  affects-paint-order: false
  affects-overflow-clip: false
  affects-future-compositor: false
  conservative: false
  runtime-requires-layout: false
  runtime-requires-paint: true
property[27]: padding-bottom
  css-impact: layout+paint
  computed-style-projection: layout-affecting
  affects-inherited-style: false
  affects-box-tree: false
  affects-layout: true
  affects-text-metrics: false
  affects-paint: true
  affects-paint-order: false
  affects-overflow-clip: false
  affects-future-compositor: false
  conservative: false
  runtime-requires-layout: true
  runtime-requires-paint: true
property[28]: padding-left
  css-impact: layout+paint
  computed-style-projection: layout-affecting
  affects-inherited-style: false
  affects-box-tree: false
  affects-layout: true
  affects-text-metrics: false
  affects-paint: true
  affects-paint-order: false
  affects-overflow-clip: false
  affects-future-compositor: false
  conservative: false
  runtime-requires-layout: true
  runtime-requires-paint: true
property[29]: padding-right
  css-impact: layout+paint
  computed-style-projection: layout-affecting
  affects-inherited-style: false
  affects-box-tree: false
  affects-layout: true
  affects-text-metrics: false
  affects-paint: true
  affects-paint-order: false
  affects-overflow-clip: false
  affects-future-compositor: false
  conservative: false
  runtime-requires-layout: true
  runtime-requires-paint: true
property[30]: padding-top
  css-impact: layout+paint
  computed-style-projection: layout-affecting
  affects-inherited-style: false
  affects-box-tree: false
  affects-layout: true
  affects-text-metrics: false
  affects-paint: true
  affects-paint-order: false
  affects-overflow-clip: false
  affects-future-compositor: false
  conservative: false
  runtime-requires-layout: true
  runtime-requires-paint: true
property[31]: position
  css-impact: layout+paint+paint-order
  computed-style-projection: layout-affecting
  affects-inherited-style: false
  affects-box-tree: false
  affects-layout: true
  affects-text-metrics: false
  affects-paint: true
  affects-paint-order: true
  affects-overflow-clip: false
  affects-future-compositor: false
  conservative: false
  runtime-requires-layout: true
  runtime-requires-paint: true
property[32]: text-decoration-line
  css-impact: paint
  computed-style-projection: paint-only
  affects-inherited-style: false
  affects-box-tree: false
  affects-layout: false
  affects-text-metrics: false
  affects-paint: true
  affects-paint-order: false
  affects-overflow-clip: false
  affects-future-compositor: false
  conservative: false
  runtime-requires-layout: false
  runtime-requires-paint: true
property[33]: width
  css-impact: layout+paint
  computed-style-projection: layout-affecting
  affects-inherited-style: false
  affects-box-tree: false
  affects-layout: true
  affects-text-metrics: false
  affects-paint: true
  affects-paint-order: false
  affects-overflow-clip: false
  affects-future-compositor: false
  conservative: false
  runtime-requires-layout: true
  runtime-requires-paint: true
property[34]: z-index
  css-impact: layout+paint+paint-order+conservative
  computed-style-projection: layout-affecting
  affects-inherited-style: false
  affects-box-tree: false
  affects-layout: true
  affects-text-metrics: false
  affects-paint: true
  affects-paint-order: true
  affects-overflow-clip: false
  affects-future-compositor: false
  conservative: true
  runtime-requires-layout: true
  runtime-requires-paint: true
