version: 1
property-value-boundaries
properties: 35
property[0]: BackgroundColor (background-color)
  specified-value: color
  computed-value: absolute-color
  inheritance: not-inherited
  initial: transparent
  conversion: color-to-rgba
property[1]: BorderBottomColor (border-bottom-color)
  specified-value: color
  computed-value: absolute-color
  inheritance: not-inherited
  initial: transparent
  conversion: color-to-rgba
property[2]: BorderBottomStyle (border-bottom-style)
  specified-value: border-style-keyword
  computed-value: border-style-keyword
  inheritance: not-inherited
  initial: none
  conversion: keyword-to-computed-enum
property[3]: BorderBottomWidth (border-bottom-width)
  specified-value: absolute-length
  computed-value: absolute-length
  inheritance: not-inherited
  initial: 0px
  conversion: absolute-length-to-css-px
property[4]: BorderLeftColor (border-left-color)
  specified-value: color
  computed-value: absolute-color
  inheritance: not-inherited
  initial: transparent
  conversion: color-to-rgba
property[5]: BorderLeftStyle (border-left-style)
  specified-value: border-style-keyword
  computed-value: border-style-keyword
  inheritance: not-inherited
  initial: none
  conversion: keyword-to-computed-enum
property[6]: BorderLeftWidth (border-left-width)
  specified-value: absolute-length
  computed-value: absolute-length
  inheritance: not-inherited
  initial: 0px
  conversion: absolute-length-to-css-px
property[7]: BorderRightColor (border-right-color)
  specified-value: color
  computed-value: absolute-color
  inheritance: not-inherited
  initial: transparent
  conversion: color-to-rgba
property[8]: BorderRightStyle (border-right-style)
  specified-value: border-style-keyword
  computed-value: border-style-keyword
  inheritance: not-inherited
  initial: none
  conversion: keyword-to-computed-enum
property[9]: BorderRightWidth (border-right-width)
  specified-value: absolute-length
  computed-value: absolute-length
  inheritance: not-inherited
  initial: 0px
  conversion: absolute-length-to-css-px
property[10]: BorderTopColor (border-top-color)
  specified-value: color
  computed-value: absolute-color
  inheritance: not-inherited
  initial: transparent
  conversion: color-to-rgba
property[11]: BorderTopStyle (border-top-style)
  specified-value: border-style-keyword
  computed-value: border-style-keyword
  inheritance: not-inherited
  initial: none
  conversion: keyword-to-computed-enum
property[12]: BorderTopWidth (border-top-width)
  specified-value: absolute-length
  computed-value: absolute-length
  inheritance: not-inherited
  initial: 0px
  conversion: absolute-length-to-css-px
property[13]: Color (color)
  specified-value: color
  computed-value: absolute-color
  inheritance: inherited
  initial: black
  conversion: color-to-rgba
property[14]: Display (display)
  specified-value: display-keyword
  computed-value: display-keyword
  inheritance: not-inherited
  initial: inline
  conversion: keyword-to-computed-enum
property[15]: FontSize (font-size)
  specified-value: absolute-length
  computed-value: absolute-length
  inheritance: inherited
  initial: 16px
  conversion: absolute-length-to-css-px
property[16]: Height (height)
  specified-value: length-percentage-or-auto
  computed-value: length-percentage-or-auto
  inheritance: not-inherited
  initial: auto
  conversion: length-percentage-or-auto-preserving-percentages
property[17]: MarginBottom (margin-bottom)
  specified-value: absolute-length
  computed-value: absolute-length
  inheritance: not-inherited
  initial: 0px
  conversion: absolute-length-to-css-px
property[18]: MarginLeft (margin-left)
  specified-value: absolute-length
  computed-value: absolute-length
  inheritance: not-inherited
  initial: 0px
  conversion: absolute-length-to-css-px
property[19]: MarginRight (margin-right)
  specified-value: absolute-length
  computed-value: absolute-length
  inheritance: not-inherited
  initial: 0px
  conversion: absolute-length-to-css-px
property[20]: MarginTop (margin-top)
  specified-value: absolute-length
  computed-value: absolute-length
  inheritance: not-inherited
  initial: 0px
  conversion: absolute-length-to-css-px
property[21]: MaxWidth (max-width)
  specified-value: length-percentage-or-none
  computed-value: length-percentage-or-none
  inheritance: not-inherited
  initial: none
  conversion: length-percentage-or-none-preserving-percentages
property[22]: MinWidth (min-width)
  specified-value: length-percentage-or-auto
  computed-value: length-percentage-or-auto
  inheritance: not-inherited
  initial: auto
  conversion: length-percentage-or-auto-preserving-percentages
property[23]: Overflow (overflow)
  specified-value: overflow-keyword
  computed-value: overflow-keyword
  inheritance: not-inherited
  initial: visible
  conversion: keyword-to-computed-enum
property[24]: OutlineColor (outline-color)
  specified-value: color
  computed-value: absolute-color
  inheritance: not-inherited
  initial: transparent
  conversion: color-to-rgba
property[25]: OutlineStyle (outline-style)
  specified-value: outline-style-keyword
  computed-value: outline-style-keyword
  inheritance: not-inherited
  initial: none
  conversion: keyword-to-computed-enum
property[26]: OutlineWidth (outline-width)
  specified-value: absolute-length
  computed-value: absolute-length
  inheritance: not-inherited
  initial: 0px
  conversion: absolute-length-to-css-px
property[27]: PaddingBottom (padding-bottom)
  specified-value: absolute-length
  computed-value: absolute-length
  inheritance: not-inherited
  initial: 0px
  conversion: absolute-length-to-css-px
property[28]: PaddingLeft (padding-left)
  specified-value: absolute-length
  computed-value: absolute-length
  inheritance: not-inherited
  initial: 0px
  conversion: absolute-length-to-css-px
property[29]: PaddingRight (padding-right)
  specified-value: absolute-length
  computed-value: absolute-length
  inheritance: not-inherited
  initial: 0px
  conversion: absolute-length-to-css-px
property[30]: PaddingTop (padding-top)
  specified-value: absolute-length
  computed-value: absolute-length
  inheritance: not-inherited
  initial: 0px
  conversion: absolute-length-to-css-px
property[31]: Position (position)
  specified-value: position-keyword
  computed-value: position-keyword
  inheritance: not-inherited
  initial: static
  conversion: keyword-to-computed-enum
property[32]: TextDecorationLine (text-decoration-line)
  specified-value: text-decoration-line-keyword
  computed-value: text-decoration-line-keyword
  inheritance: not-inherited
  initial: none
  conversion: keyword-to-computed-enum
property[33]: Width (width)
  specified-value: length-percentage-or-auto
  computed-value: length-percentage-or-auto
  inheritance: not-inherited
  initial: auto
  conversion: length-percentage-or-auto-preserving-percentages
property[34]: ZIndex (z-index)
  specified-value: z-index
  computed-value: z-index
  inheritance: not-inherited
  initial: auto
  conversion: z-index-auto-or-integer
