html5-pipeline-regression-v1
name: basic-page
seed: 12727349193051158917
termination: Completed
input_bytes: 101
decoded_bytes: 101
chunk_count: 11
saw_one_byte_chunk: true
tokens_streamed: 19
span_resolve_count: 5
patches_emitted: 25
tokenizer_controls_applied: 2
digest: 13181389943379396424

dom:
#dom-snapshot-v2
#document
  <!doctype html>
  element ns=html local="html" attrs=[]
    element ns=html local="head" attrs=[]
      element ns=html local="title" attrs=[]
        "basic"
    element ns=html local="body" attrs=[]
      element ns=html local="p" attrs=[]
        "Hello "
        element ns=html local="b" attrs=[]
          "world"
        "."
    "\n"
